// Vitest Snapshot v1, https://vitest.dev/guide/snapshot.html

exports[`signature > analyzeSignature() > expected and actual methods are equal 1`] = `
[
  "noParamMethod",
  "requiredNumberParamMethod",
  "optionalStringParamMethod",
  "defaultBooleanParamMethod",
  "multiParamMethod",
  "functionParamMethod",
  "stringUnionParamMethod",
  "literalUnionParamMethod",
  "recordParamMethod",
  "optionsParamMethod",
  "optionsInlineParamMethodWithDefaults",
  "optionsTypeParamMethodWithDefaults",
  "optionsInterfaceParamMethodWithDefaults",
  "methodWithExample",
  "methodWithDeprecated",
  "methodWithThrows",
  "methodWithMultipleThrows",
  "methodWithDeprecatedOption",
  "methodWithMultipleSeeMarkers",
  "methodWithMultipleSeeMarkersAndBackticks",
  "methodWithSinceMarker",
  "complexArrayParameter",
]
`;

exports[`signature > analyzeSignature() > methodWithSinceMarker 1`] = `
{
  "name": "methodWithSinceMarker",
  "signatures": [
    {
      "deprecated": undefined,
      "description": "Test with since marker.",
      "examples": [],
      "parameters": [],
      "returns": {
        "text": "number",
        "type": "simple",
      },
      "seeAlsos": [],
      "signature": "function methodWithSinceMarker(): number;",
      "since": "1.0.0",
      "throws": [],
    },
  ],
  "sourcePath": "test/scripts/apidoc/signature.example.ts:364:3",
}
`;
